../Core/Src/main.c:73:6:SGP30_Init	24	static
../Core/Src/main.c:79:10:SGP30_ReadCO2	32	static
../Core/Src/main.c:91:6:UART_Print	16	static
../Core/Src/main.c:95:9:SGP30_CheckConnection	24	static
../Core/Src/main.c:116:5:main	72	static
../Core/Src/main.c:181:6:SystemClock_Config	96	static
../Core/Src/main.c:242:13:MX_I2C3_Init	8	static
../Core/Src/main.c:290:13:MX_USART1_UART_Init	8	static
../Core/Src/main.c:325:13:MX_USART2_UART_Init	8	static
../Core/Src/main.c:358:13:MX_DMA_Init	16	static
../Core/Src/main.c:376:13:MX_GPIO_Init	40	static
../Core/Src/main.c:417:6:Error_Handler	4	static,ignoring_inline_asm
