../Core/Src/main.c:85:5:main	72	static
../Core/Src/main.c:200:6:SystemClock_Config	96	static
../Core/Src/main.c:261:13:MX_I2C1_Init	8	static
../Core/Src/main.c:309:13:MX_USART1_UART_Init	8	static
../Core/Src/main.c:343:13:MX_USART2_UART_Init	8	static
../Core/Src/main.c:378:13:MX_GPIO_Init	40	static
../Core/Src/main.c:404:6:HAL_UART_RxCpltCallback	24	static
../Core/Src/main.c:420:6:parse_pdu	48	static
../Core/Src/main.c:430:6:parse_data	8	static
../Core/Src/main.c:435:6:MX_sht3x_init	8	static
../Core/Src/main.c:450:6:Error_Handler	4	static,ignoring_inline_asm
